// Jest Snapshot v1, https://goo.gl/fbAQLP

exports[`default validation 1`] = `
{
  "Outputs": {
    "mongoCdkBootstrapMongoSecretProfileSecretNameC7B5BCEE": {
      "Value": {
        "Fn::Join": [
          "-",
          [
            {
              "Fn::Select": [
                0,
                {
                  "Fn::Split": [
                    "-",
                    {
                      "Fn::Select": [
                        6,
                        {
                          "Fn::Split": [
                            ":",
                            {
                              "Ref": "mongoCdkBootstrapMongoSecretProfilemymongoprofile24B3A06F",
                            },
                          ],
                        },
                      ],
                    },
                  ],
                },
              ],
            },
            {
              "Fn::Select": [
                1,
                {
                  "Fn::Split": [
                    "-",
                    {
                      "Fn::Select": [
                        6,
                        {
                          "Fn::Split": [
                            ":",
                            {
                              "Ref": "mongoCdkBootstrapMongoSecretProfilemymongoprofile24B3A06F",
                            },
                          ],
                        },
                      ],
                    },
                  ],
                },
              ],
            },
            {
              "Fn::Select": [
                2,
                {
                  "Fn::Split": [
                    "-",
                    {
                      "Fn::Select": [
                        6,
                        {
                          "Fn::Split": [
                            ":",
                            {
                              "Ref": "mongoCdkBootstrapMongoSecretProfilemymongoprofile24B3A06F",
                            },
                          ],
                        },
                      ],
                    },
                  ],
                },
              ],
            },
          ],
        ],
      },
    },
    "mongoCdkBootstrapMongoSecretProfileUpdateSecretCommand31F9E864": {
      "Value": {
        "Fn::Join": [
          "",
          [
            "aws secretsmanager update-secret --secret-id ",
            {
              "Fn::Join": [
                "-",
                [
                  {
                    "Fn::Select": [
                      0,
                      {
                        "Fn::Split": [
                          "-",
                          {
                            "Fn::Select": [
                              6,
                              {
                                "Fn::Split": [
                                  ":",
                                  {
                                    "Ref": "mongoCdkBootstrapMongoSecretProfilemymongoprofile24B3A06F",
                                  },
                                ],
                              },
                            ],
                          },
                        ],
                      },
                    ],
                  },
                  {
                    "Fn::Select": [
                      1,
                      {
                        "Fn::Split": [
                          "-",
                          {
                            "Fn::Select": [
                              6,
                              {
                                "Fn::Split": [
                                  ":",
                                  {
                                    "Ref": "mongoCdkBootstrapMongoSecretProfilemymongoprofile24B3A06F",
                                  },
                                ],
                              },
                            ],
                          },
                        ],
                      },
                    ],
                  },
                  {
                    "Fn::Select": [
                      2,
                      {
                        "Fn::Split": [
                          "-",
                          {
                            "Fn::Select": [
                              6,
                              {
                                "Fn::Split": [
                                  ":",
                                  {
                                    "Ref": "mongoCdkBootstrapMongoSecretProfilemymongoprofile24B3A06F",
                                  },
                                ],
                              },
                            ],
                          },
                        ],
                      },
                    ],
                  },
                ],
              ],
            },
            " --secret-string "{\\"PublicKey\\":\\"\${MONGO_ATLAS_PUBLIC_KEY}\\",\\"PrivateKey\\":\\"\${MONGO_ATLAS_PRIVATE_KEY}\\"}"",
          ],
        ],
      },
    },
  },
  "Parameters": {
    "BootstrapVersion": {
      "Default": "/cdk-bootstrap/hnb659fds/version",
      "Description": "Version of the CDK Bootstrap resources in this environment, automatically retrieved from SSM Parameter Store. [cdk:skip]",
      "Type": "AWS::SSM::Parameter::Value<String>",
    },
  },
  "Resources": {
    "mongoCdkBootstrapCfnExecRole6DEA467E": {
      "Properties": {
        "AssumeRolePolicyDocument": {
          "Statement": [
            {
              "Action": "sts:AssumeRole",
              "Effect": "Allow",
              "Principal": {
                "Service": "resources.cloudformation.amazonaws.com",
              },
            },
          ],
          "Version": "2012-10-17",
        },
        "ManagedPolicyArns": [
          {
            "Fn::Join": [
              "",
              [
                "arn:",
                {
                  "Ref": "AWS::Partition",
                },
                ":iam::aws:policy/AdministratorAccess",
              ],
            ],
          },
        ],
        "RoleName": "cfn-ext-exec-role-for-mongo",
      },
      "Type": "AWS::IAM::Role",
    },
    "mongoCdkBootstrapMongoSecretProfilemymongoprofile24B3A06F": {
      "DeletionPolicy": "Delete",
      "Properties": {
        "Name": "cfn/atlas/profile/my-mongo-profile",
        "SecretString": "{"PublicKey":"changeMe", "PrivateKey": "changeMe"}",
      },
      "Type": "AWS::SecretsManager::Secret",
      "UpdateReplacePolicy": "Delete",
    },
    "mongoCdkBootstrapTypeActivationClusterB5D5FC03": {
      "Properties": {
        "ExecutionRoleArn": {
          "Fn::GetAtt": [
            "mongoCdkBootstrapCfnExecRole6DEA467E",
            "Arn",
          ],
        },
        "PublisherId": "bb989456c78c398a858fef18f2ca1bfc1fbba082",
        "Type": "RESOURCE",
        "TypeName": "MongoDB::Atlas::Cluster",
      },
      "Type": "AWS::CloudFormation::TypeActivation",
    },
    "mongoCdkBootstrapTypeActivationDatabaseUser3B3692C8": {
      "Properties": {
        "ExecutionRoleArn": {
          "Fn::GetAtt": [
            "mongoCdkBootstrapCfnExecRole6DEA467E",
            "Arn",
          ],
        },
        "PublisherId": "bb989456c78c398a858fef18f2ca1bfc1fbba082",
        "Type": "RESOURCE",
        "TypeName": "MongoDB::Atlas::DatabaseUser",
      },
      "Type": "AWS::CloudFormation::TypeActivation",
    },
    "mongoCdkBootstrapTypeActivationProject08288EFE": {
      "Properties": {
        "ExecutionRoleArn": {
          "Fn::GetAtt": [
            "mongoCdkBootstrapCfnExecRole6DEA467E",
            "Arn",
          ],
        },
        "PublisherId": "bb989456c78c398a858fef18f2ca1bfc1fbba082",
        "Type": "RESOURCE",
        "TypeName": "MongoDB::Atlas::Project",
      },
      "Type": "AWS::CloudFormation::TypeActivation",
    },
    "mongoCdkBootstrapTypeActivationProjectIpAccessList631D8FCC": {
      "Properties": {
        "ExecutionRoleArn": {
          "Fn::GetAtt": [
            "mongoCdkBootstrapCfnExecRole6DEA467E",
            "Arn",
          ],
        },
        "PublisherId": "bb989456c78c398a858fef18f2ca1bfc1fbba082",
        "Type": "RESOURCE",
        "TypeName": "MongoDB::Atlas::ProjectIpAccessList",
      },
      "Type": "AWS::CloudFormation::TypeActivation",
    },
  },
  "Rules": {
    "CheckBootstrapVersion": {
      "Assertions": [
        {
          "Assert": {
            "Fn::Not": [
              {
                "Fn::Contains": [
                  [
                    "1",
                    "2",
                    "3",
                    "4",
                    "5",
                  ],
                  {
                    "Ref": "BootstrapVersion",
                  },
                ],
              },
            ],
          },
          "AssertDescription": "CDK bootstrap stack version 6 required. Please run 'cdk bootstrap' with a recent version of the CDK CLI.",
        },
      ],
    },
  },
}
`;

exports[`default validation 2`] = `
{
  "Outputs": {
    "ClusterconnectionStrings17813228": {
      "Value": {
        "Fn::GetAtt": [
          "ClusterclusterCluster0934C304",
          "ConnectionStrings.StandardSrv",
        ],
      },
    },
    "ServerlessInstanceConnectionStringB32B56D6": {
      "Value": {
        "Fn::GetAtt": [
          "ServerlessInstance12909029",
          "ConnectionStrings.StandardSrv",
        ],
      },
    },
  },
  "Parameters": {
    "BootstrapVersion": {
      "Default": "/cdk-bootstrap/hnb659fds/version",
      "Description": "Version of the CDK Bootstrap resources in this environment, automatically retrieved from SSM Parameter Store. [cdk:skip]",
      "Type": "AWS::SSM::Parameter::Value<String>",
    },
  },
  "Resources": {
    "ClusterclusterCluster0934C304": {
      "Properties": {
        "ClusterType": "REPLICASET",
        "Name": "my-cluster",
        "Profile": "my-mongo-profile",
        "ProjectId": {
          "Fn::GetAtt": [
            "ClusterprojectCluster4966D242",
            "Id",
          ],
        },
        "ReplicationSpecs": [
          {
            "AdvancedRegionConfigs": [
              {
                "AnalyticsSpecs": {
                  "EbsVolumeType": "STANDARD",
                  "InstanceSize": "M10",
                  "NodeCount": 1,
                },
                "ElectableSpecs": {
                  "EbsVolumeType": "STANDARD",
                  "InstanceSize": "M10",
                  "NodeCount": 3,
                },
                "Priority": 7,
                "RegionName": "US_EAST_1",
              },
            ],
            "NumShards": 1,
          },
        ],
      },
      "Type": "MongoDB::Atlas::Cluster",
    },
    "ClusterdbuserClusterDatabaseUserSecret959DE334": {
      "DeletionPolicy": "Delete",
      "Properties": {
        "GenerateSecretString": {
          "ExcludeCharacters": "%+~\`#$&*()|[]{}:;<>?!'/@"\\=-.,",
          "GenerateStringKey": "password",
          "SecretStringTemplate": "{"username":"atlas-user"}",
        },
      },
      "Type": "AWS::SecretsManager::Secret",
      "UpdateReplacePolicy": "Delete",
    },
    "ClusterdbuserClusterE136AF44": {
      "Properties": {
        "DatabaseName": "admin",
        "Password": {
          "Fn::Join": [
            "",
            [
              "{{resolve:secretsmanager:",
              {
                "Ref": "ClusterdbuserClusterDatabaseUserSecret959DE334",
              },
              ":SecretString:password::}}",
            ],
          ],
        },
        "Profile": "my-mongo-profile",
        "ProjectId": {
          "Fn::GetAtt": [
            "ClusterprojectCluster4966D242",
            "Id",
          ],
        },
        "Roles": [
          {
            "DatabaseName": "admin",
            "RoleName": "atlasAdmin",
          },
        ],
        "Username": {
          "Fn::Join": [
            "",
            [
              "{{resolve:secretsmanager:",
              {
                "Ref": "ClusterdbuserClusterDatabaseUserSecret959DE334",
              },
              ":SecretString:username::}}",
            ],
          ],
        },
      },
      "Type": "MongoDB::Atlas::DatabaseUser",
    },
    "ClusteripaccesslistCluster179AC96A": {
      "Properties": {
        "AccessList": [
          {
            "Comment": "allow from my VPC only",
            "IPAddress": {
              "Fn::GetAtt": [
                "Vpc8378EB38",
                "CidrBlock",
              ],
            },
          },
        ],
        "Profile": "my-mongo-profile",
        "ProjectId": {
          "Fn::GetAtt": [
            "ClusterprojectCluster4966D242",
            "Id",
          ],
        },
      },
      "Type": "MongoDB::Atlas::ProjectIpAccessList",
    },
    "ClusterprivateendpointClusterDDC93643": {
      "Properties": {
        "GroupId": {
          "Fn::GetAtt": [
            "ClusterprojectCluster4966D242",
            "Id",
          ],
        },
        "PrivateEndpoints": [
          {
            "SubnetIds": [
              {
                "Ref": "VpcPrivateSubnet1Subnet536B997A",
              },
              {
                "Ref": "VpcPrivateSubnet2Subnet3788AAA1",
              },
            ],
            "VpcId": {
              "Ref": "Vpc8378EB38",
            },
          },
        ],
        "Profile": "my-mongo-profile",
        "Region": "us-east-1",
      },
      "Type": "MongoDB::Atlas::PrivateEndpoint",
    },
    "ClusterprojectCluster4966D242": {
      "Properties": {
        "Name": "project-projectCluster",
        "OrgId": "mock_id",
        "Profile": "my-mongo-profile",
      },
      "Type": "MongoDB::Atlas::Project",
    },
    "ServerlessInstance12909029": {
      "Properties": {
        "ContinuousBackupEnabled": true,
        "Name": "my-serverless-instance",
        "Profile": "my-mongo-profile",
        "ProjectID": {
          "Fn::GetAtt": [
            "ClusterprojectCluster4966D242",
            "Id",
          ],
        },
        "ProviderSettings": {
          "ProviderName": "SERVERLESS",
          "RegionName": "US_EAST_1",
        },
        "TerminationProtectionEnabled": false,
      },
      "Type": "MongoDB::Atlas::ServerlessInstance",
    },
    "Vpc8378EB38": {
      "Properties": {
        "CidrBlock": "10.0.0.0/16",
        "EnableDnsHostnames": true,
        "EnableDnsSupport": true,
        "InstanceTenancy": "default",
        "Tags": [
          {
            "Key": "Name",
            "Value": "mongodb-demo-stack/Vpc",
          },
        ],
      },
      "Type": "AWS::EC2::VPC",
    },
    "VpcIGWD7BA715C": {
      "Properties": {
        "Tags": [
          {
            "Key": "Name",
            "Value": "mongodb-demo-stack/Vpc",
          },
        ],
      },
      "Type": "AWS::EC2::InternetGateway",
    },
    "VpcPrivateSubnet1DefaultRouteBE02A9ED": {
      "Properties": {
        "DestinationCidrBlock": "0.0.0.0/0",
        "NatGatewayId": {
          "Ref": "VpcPublicSubnet1NATGateway4D7517AA",
        },
        "RouteTableId": {
          "Ref": "VpcPrivateSubnet1RouteTableB2C5B500",
        },
      },
      "Type": "AWS::EC2::Route",
    },
    "VpcPrivateSubnet1RouteTableAssociation70C59FA6": {
      "Properties": {
        "RouteTableId": {
          "Ref": "VpcPrivateSubnet1RouteTableB2C5B500",
        },
        "SubnetId": {
          "Ref": "VpcPrivateSubnet1Subnet536B997A",
        },
      },
      "Type": "AWS::EC2::SubnetRouteTableAssociation",
    },
    "VpcPrivateSubnet1RouteTableB2C5B500": {
      "Properties": {
        "Tags": [
          {
            "Key": "Name",
            "Value": "mongodb-demo-stack/Vpc/PrivateSubnet1",
          },
        ],
        "VpcId": {
          "Ref": "Vpc8378EB38",
        },
      },
      "Type": "AWS::EC2::RouteTable",
    },
    "VpcPrivateSubnet1Subnet536B997A": {
      "Properties": {
        "AvailabilityZone": {
          "Fn::Select": [
            0,
            {
              "Fn::GetAZs": "",
            },
          ],
        },
        "CidrBlock": "10.0.128.0/18",
        "MapPublicIpOnLaunch": false,
        "Tags": [
          {
            "Key": "aws-cdk:subnet-name",
            "Value": "Private",
          },
          {
            "Key": "aws-cdk:subnet-type",
            "Value": "Private",
          },
          {
            "Key": "Name",
            "Value": "mongodb-demo-stack/Vpc/PrivateSubnet1",
          },
        ],
        "VpcId": {
          "Ref": "Vpc8378EB38",
        },
      },
      "Type": "AWS::EC2::Subnet",
    },
    "VpcPrivateSubnet2DefaultRoute060D2087": {
      "Properties": {
        "DestinationCidrBlock": "0.0.0.0/0",
        "NatGatewayId": {
          "Ref": "VpcPublicSubnet1NATGateway4D7517AA",
        },
        "RouteTableId": {
          "Ref": "VpcPrivateSubnet2RouteTableA678073B",
        },
      },
      "Type": "AWS::EC2::Route",
    },
    "VpcPrivateSubnet2RouteTableA678073B": {
      "Properties": {
        "Tags": [
          {
            "Key": "Name",
            "Value": "mongodb-demo-stack/Vpc/PrivateSubnet2",
          },
        ],
        "VpcId": {
          "Ref": "Vpc8378EB38",
        },
      },
      "Type": "AWS::EC2::RouteTable",
    },
    "VpcPrivateSubnet2RouteTableAssociationA89CAD56": {
      "Properties": {
        "RouteTableId": {
          "Ref": "VpcPrivateSubnet2RouteTableA678073B",
        },
        "SubnetId": {
          "Ref": "VpcPrivateSubnet2Subnet3788AAA1",
        },
      },
      "Type": "AWS::EC2::SubnetRouteTableAssociation",
    },
    "VpcPrivateSubnet2Subnet3788AAA1": {
      "Properties": {
        "AvailabilityZone": {
          "Fn::Select": [
            1,
            {
              "Fn::GetAZs": "",
            },
          ],
        },
        "CidrBlock": "10.0.192.0/18",
        "MapPublicIpOnLaunch": false,
        "Tags": [
          {
            "Key": "aws-cdk:subnet-name",
            "Value": "Private",
          },
          {
            "Key": "aws-cdk:subnet-type",
            "Value": "Private",
          },
          {
            "Key": "Name",
            "Value": "mongodb-demo-stack/Vpc/PrivateSubnet2",
          },
        ],
        "VpcId": {
          "Ref": "Vpc8378EB38",
        },
      },
      "Type": "AWS::EC2::Subnet",
    },
    "VpcPublicSubnet1DefaultRoute3DA9E72A": {
      "DependsOn": [
        "VpcVPCGWBF912B6E",
      ],
      "Properties": {
        "DestinationCidrBlock": "0.0.0.0/0",
        "GatewayId": {
          "Ref": "VpcIGWD7BA715C",
        },
        "RouteTableId": {
          "Ref": "VpcPublicSubnet1RouteTable6C95E38E",
        },
      },
      "Type": "AWS::EC2::Route",
    },
    "VpcPublicSubnet1EIPD7E02669": {
      "Properties": {
        "Domain": "vpc",
        "Tags": [
          {
            "Key": "Name",
            "Value": "mongodb-demo-stack/Vpc/PublicSubnet1",
          },
        ],
      },
      "Type": "AWS::EC2::EIP",
    },
    "VpcPublicSubnet1NATGateway4D7517AA": {
      "DependsOn": [
        "VpcPublicSubnet1DefaultRoute3DA9E72A",
        "VpcPublicSubnet1RouteTableAssociation97140677",
      ],
      "Properties": {
        "AllocationId": {
          "Fn::GetAtt": [
            "VpcPublicSubnet1EIPD7E02669",
            "AllocationId",
          ],
        },
        "SubnetId": {
          "Ref": "VpcPublicSubnet1Subnet5C2D37C4",
        },
        "Tags": [
          {
            "Key": "Name",
            "Value": "mongodb-demo-stack/Vpc/PublicSubnet1",
          },
        ],
      },
      "Type": "AWS::EC2::NatGateway",
    },
    "VpcPublicSubnet1RouteTable6C95E38E": {
      "Properties": {
        "Tags": [
          {
            "Key": "Name",
            "Value": "mongodb-demo-stack/Vpc/PublicSubnet1",
          },
        ],
        "VpcId": {
          "Ref": "Vpc8378EB38",
        },
      },
      "Type": "AWS::EC2::RouteTable",
    },
    "VpcPublicSubnet1RouteTableAssociation97140677": {
      "Properties": {
        "RouteTableId": {
          "Ref": "VpcPublicSubnet1RouteTable6C95E38E",
        },
        "SubnetId": {
          "Ref": "VpcPublicSubnet1Subnet5C2D37C4",
        },
      },
      "Type": "AWS::EC2::SubnetRouteTableAssociation",
    },
    "VpcPublicSubnet1Subnet5C2D37C4": {
      "Properties": {
        "AvailabilityZone": {
          "Fn::Select": [
            0,
            {
              "Fn::GetAZs": "",
            },
          ],
        },
        "CidrBlock": "10.0.0.0/18",
        "MapPublicIpOnLaunch": true,
        "Tags": [
          {
            "Key": "aws-cdk:subnet-name",
            "Value": "Public",
          },
          {
            "Key": "aws-cdk:subnet-type",
            "Value": "Public",
          },
          {
            "Key": "Name",
            "Value": "mongodb-demo-stack/Vpc/PublicSubnet1",
          },
        ],
        "VpcId": {
          "Ref": "Vpc8378EB38",
        },
      },
      "Type": "AWS::EC2::Subnet",
    },
    "VpcPublicSubnet2DefaultRoute97F91067": {
      "DependsOn": [
        "VpcVPCGWBF912B6E",
      ],
      "Properties": {
        "DestinationCidrBlock": "0.0.0.0/0",
        "GatewayId": {
          "Ref": "VpcIGWD7BA715C",
        },
        "RouteTableId": {
          "Ref": "VpcPublicSubnet2RouteTable94F7E489",
        },
      },
      "Type": "AWS::EC2::Route",
    },
    "VpcPublicSubnet2RouteTable94F7E489": {
      "Properties": {
        "Tags": [
          {
            "Key": "Name",
            "Value": "mongodb-demo-stack/Vpc/PublicSubnet2",
          },
        ],
        "VpcId": {
          "Ref": "Vpc8378EB38",
        },
      },
      "Type": "AWS::EC2::RouteTable",
    },
    "VpcPublicSubnet2RouteTableAssociationDD5762D8": {
      "Properties": {
        "RouteTableId": {
          "Ref": "VpcPublicSubnet2RouteTable94F7E489",
        },
        "SubnetId": {
          "Ref": "VpcPublicSubnet2Subnet691E08A3",
        },
      },
      "Type": "AWS::EC2::SubnetRouteTableAssociation",
    },
    "VpcPublicSubnet2Subnet691E08A3": {
      "Properties": {
        "AvailabilityZone": {
          "Fn::Select": [
            1,
            {
              "Fn::GetAZs": "",
            },
          ],
        },
        "CidrBlock": "10.0.64.0/18",
        "MapPublicIpOnLaunch": true,
        "Tags": [
          {
            "Key": "aws-cdk:subnet-name",
            "Value": "Public",
          },
          {
            "Key": "aws-cdk:subnet-type",
            "Value": "Public",
          },
          {
            "Key": "Name",
            "Value": "mongodb-demo-stack/Vpc/PublicSubnet2",
          },
        ],
        "VpcId": {
          "Ref": "Vpc8378EB38",
        },
      },
      "Type": "AWS::EC2::Subnet",
    },
    "VpcVPCGWBF912B6E": {
      "Properties": {
        "InternetGatewayId": {
          "Ref": "VpcIGWD7BA715C",
        },
        "VpcId": {
          "Ref": "Vpc8378EB38",
        },
      },
      "Type": "AWS::EC2::VPCGatewayAttachment",
    },
  },
  "Rules": {
    "CheckBootstrapVersion": {
      "Assertions": [
        {
          "Assert": {
            "Fn::Not": [
              {
                "Fn::Contains": [
                  [
                    "1",
                    "2",
                    "3",
                    "4",
                    "5",
                  ],
                  {
                    "Ref": "BootstrapVersion",
                  },
                ],
              },
            ],
          },
          "AssertDescription": "CDK bootstrap stack version 6 required. Please run 'cdk bootstrap' with a recent version of the CDK CLI.",
        },
      ],
    },
  },
}
`;
